2026-07-17T10:25:23Z INF Thank you for trying Cloudflare Tunnel. Doing so, without a Cloudflare account, is a quick way to experiment and try it out. However, be aware that these account-less Tunnels have no uptime guarantee, are subject to the Cloudflare Online Services Terms of Use (https://www.cloudflare.com/website-terms/), and Cloudflare reserves the right to investigate your use of Tunnels for violations of such terms. If you intend to use Tunnels in production you should use a pre-created named tunnel by following: https://developers.cloudflare.com/cloudflare-one/connections/connect-apps
2026-07-17T10:25:23Z INF Requesting new quick Tunnel on trycloudflare.com...
2026-07-17T10:25:27Z INF +--------------------------------------------------------------------------------------------+
2026-07-17T10:25:27Z INF |  Your quick Tunnel has been created! Visit it at (it may take some time to be reachable):  |
2026-07-17T10:25:27Z INF |  https://bill-checked-belkin-plain.trycloudflare.com                                       |
2026-07-17T10:25:27Z INF +--------------------------------------------------------------------------------------------+
2026-07-17T10:25:27Z INF Cannot determine default configuration path. No file [config.yml config.yaml] in [~/.cloudflared ~/.cloudflare-warp ~/cloudflare-warp /etc/cloudflared /usr/local/etc/cloudflared]
2026-07-17T10:25:27Z INF Version 2026.7.2 (Checksum 0588df58494a6cadd38b9deb6078908a5054063c80784d92fdb8d4a5f3de1c67)
2026-07-17T10:25:27Z INF GOOS: darwin, GOVersion: go1.26.2, GoArch: arm64
2026-07-17T10:25:27Z INF Settings: map[ha-connections:1 p:http2 protocol:http2 url:http://127.0.0.1:8765]
2026-07-17T10:25:27Z INF Autoupdate frequency is set autoupdateFreq=86400000
2026-07-17T10:25:28Z INF Generated Connector ID: b1a06646-b796-463f-bf8c-6151e80c361e
2026-07-17T10:25:28Z INF Initial protocol http2
2026-07-17T10:25:28Z INF ICMP proxy will use 185.7.1.169 as source for IPv4
2026-07-17T10:25:28Z INF ICMP proxy will use fe80::436:b112:b220:67a3 in zone en9 as source for IPv6
2026-07-17T10:25:28Z INF Created ICMP proxy listening on 185.7.1.169:0
2026-07-17T10:25:28Z INF ICMP proxy will use 185.7.1.169 as source for IPv4
2026-07-17T10:25:28Z INF ICMP proxy will use fe80::436:b112:b220:67a3 in zone en9 as source for IPv6
2026-07-17T10:25:28Z INF Starting metrics server on 127.0.0.1:20241/metrics
2026-07-17T10:25:28Z INF Tunnel connection curve preferences: [X25519MLKEM768 CurveID(65074) CurveP256] connIndex=0 event=0 ip=198.41.192.77
2026-07-17T10:25:28Z INF Registered tunnel connection connIndex=0 connection=6940cb2a-7d6d-47c9-bbd2-8ebc829b1fb0 event=0 ip=198.41.192.77 location=ist04 protocol=http2
2026-07-17T10:25:34Z INF +--------------------------------------------------------------------------------------+
2026-07-17T10:25:34Z INF |                               CONNECTIVITY PRE-CHECKS                                |
2026-07-17T10:25:34Z INF +--------------------------------------------------------------------------------------+
2026-07-17T10:25:34Z INF |  COMPONENT         TARGET                     STATUS  DETAILS                        |
2026-07-17T10:25:34Z INF |  DNS Resolution    region1.v2.argotunnel.com  PASS    DNS Resolved successfully      |
2026-07-17T10:25:34Z INF |  DNS Resolution    region2.v2.argotunnel.com  PASS    DNS Resolved successfully      |
2026-07-17T10:25:34Z INF |  UDP Connectivity  region1.v2.argotunnel.com  PASS    QUIC connection successful     |
2026-07-17T10:25:34Z INF |  UDP Connectivity  region2.v2.argotunnel.com  PASS    QUIC connection successful     |
2026-07-17T10:25:34Z INF |  TCP Connectivity  region1.v2.argotunnel.com  PASS    HTTP/2 connection successful   |
2026-07-17T10:25:34Z INF |  TCP Connectivity  region2.v2.argotunnel.com  PASS    HTTP/2 connection successful   |
2026-07-17T10:25:34Z INF |  Cloudflare API    api.cloudflare.com:443     PASS    API is reachable               |
2026-07-17T10:25:34Z INF |                                                                                      |
2026-07-17T10:25:34Z INF |  SUMMARY: Environment is healthy. cloudflared will use 'http2' as primary protocol.  |
2026-07-17T10:25:34Z INF +--------------------------------------------------------------------------------------+
2026-07-17T10:25:34Z INF precheck component="DNS Resolution" details="DNS Resolved successfully" run_id=73964d34-b9b7-4b34-8f44-11ec3b3079a5 status=pass target=region1.v2.argotunnel.com
2026-07-17T10:25:34Z INF precheck component="DNS Resolution" details="DNS Resolved successfully" run_id=73964d34-b9b7-4b34-8f44-11ec3b3079a5 status=pass target=region2.v2.argotunnel.com
2026-07-17T10:25:34Z INF precheck component="UDP Connectivity" details="QUIC connection successful" run_id=73964d34-b9b7-4b34-8f44-11ec3b3079a5 status=pass target=region1.v2.argotunnel.com
2026-07-17T10:25:34Z INF precheck component="UDP Connectivity" details="QUIC connection successful" run_id=73964d34-b9b7-4b34-8f44-11ec3b3079a5 status=pass target=region2.v2.argotunnel.com
2026-07-17T10:25:34Z INF precheck component="TCP Connectivity" details="HTTP/2 connection successful" run_id=73964d34-b9b7-4b34-8f44-11ec3b3079a5 status=pass target=region1.v2.argotunnel.com
2026-07-17T10:25:34Z INF precheck component="TCP Connectivity" details="HTTP/2 connection successful" run_id=73964d34-b9b7-4b34-8f44-11ec3b3079a5 status=pass target=region2.v2.argotunnel.com
2026-07-17T10:25:34Z INF precheck component="Cloudflare API" details="API is reachable" run_id=73964d34-b9b7-4b34-8f44-11ec3b3079a5 status=pass target=api.cloudflare.com:443
2026-07-17T10:25:34Z INF precheck complete hard_fail=false run_id=73964d34-b9b7-4b34-8f44-11ec3b3079a5 suggested_protocol=http2
2026-07-17T10:34:53Z INF Initiating graceful shutdown due to signal terminated ...
